Broker: flattrade
Requests sent: [('https://piconnect.flattrade.in/PiConnectAPI/GetQuotes', {'exch': 'NSE', 'token': '2885'})]
{
    "id": "NSE|2885",
    "broker": "flattrade",
    "instrument_token": "NSE|2885",
    "exchange": "nse",
    "mode": "full",
    "last_price": 1381.2,
    "last_quantity": 14,
    "average_price": 1379.64,
    "volume": 2183977,
    "buy_quantity": 412776,
    "sell_quantity": 598340,
    "ohlc": {
        "open": 1375.0,
        "high": 1384.9,
        "low": 1372.5,
        "close": 1374.1
    },
    "change": 0.52,
    "oi": null,
    "oi_day_high": null,
    "oi_day_low": null,
    "last_trade_time": 1789446602,
    "exchange_timestamp": 1789446603,
    "depth": {
        "buy": [
            {
                "quantity": 311,
                "price": 1381.1,
                "orders": 6
            },
            {
                "quantity": 1022,
                "price": 1381.0,
                "orders": 14
            }
        ],
        "sell": [
            {
                "quantity": 87,
                "price": 1381.2,
                "orders": 3
            },
            {
                "quantity": 640,
                "price": 1381.3,
                "orders": 9
            }
        ]
    },
    "received_at": 1789446605.0
}
