bracket with {} is a join: True
market_if_touched with {'trigger_price': 995} is a join: False
hidden_stop with {'trigger_price': 995} is a join: False
hidden_stop with {'trigger_price': 995, 'backstop_price': 980, 'backstop_limit_price': 978} is a join: True
bracket: {"then": {"cancel_first_on_child_fill": true, "each_fill": {"either": {"children": [{"order": {"pricing": [{"native_stop": {"limit_price": 988, "trigger_price": 990}}], "side": "protect"}}, {"order": {"pricing": [{"fixed": {"price": 1010}}], "side": "protect"}}], "sibling_rule": "reduce"}}, "first": {"order": {"presets": [{"market_if_touched": {"trigger_price": 995}}]}}}}
cover: {"then": {"cancel_first_on_child_fill": true, "each_fill": {"order": {"pricing": [{"native_stop": {"limit_price": 988, "trigger_price": 990}}], "side": "protect"}}, "first": {"order": {}}}}
scale_out: {"then": {"cancel_first_on_child_fill": true, "each_fill": {"order": {"presets": [{"scale_out_exits": {"stop_limit_price": 988, "stop_price": 990, "target_prices": [1010, 1020]}}]}}, "first": {"order": {}}}}
oto: {"then": {"each_fill": {"order": {"pricing": [{"fixed": {"price": 1010}}], "side": "sell"}}, "first": {"order": {}}}}
oco: {"order": {"pricing": [{"native_stop": {"limit_price": 988, "trigger_price": 990}}], "side": "protect"}}
  root.presets.1 [nothing_to_merge_into]: the oco preset protects a position already held, so it has no order of its own for other presets or slot values to change
hidden_stop: {"either": {"cancel_before_send": true, "children": [{"order": {"presets": [{"hidden_stop": {"trigger_price": 995}}]}}, {"order": {"pricing": [{"native_stop": {"limit_price": 978, "trigger_price": 980}}], "side": "protect"}}], "sibling_rule": "cancel"}}
basket: {"together": {"children": [{"order": {"instrument_id": "11111111-1111-5111-8111-000000000001", "presets": [{"post_only": {}}], "pricing": [{"fixed": {"price": 1000}}], "quantity": 10}}, {"order": {"instrument_id": "11111111-1111-5111-8111-000000000002", "presets": [{"post_only": {}}], "quantity": 5, "transaction_type": "SELL"}}], "group_margin": true, "hedge_benefit": true}}
oca: {"either": {"children": [{"order": {"instrument_id": "11111111-1111-5111-8111-000000000001", "pricing": [{"fixed": {"price": 1000}}], "quantity": 10}}, {"order": {"instrument_id": "11111111-1111-5111-8111-000000000002", "quantity": 5, "transaction_type": "SELL"}}], "sibling_rule": "cancel"}}
accumulation: {"repeat": {"child": {"order": {"pricing": [{"peg": {"follows": false, "reference": "own_touch", "within_body_price": true}}]}}, "every_minutes": 30, "times": 3}}
stop_and_reverse with method double is a join: False
stop_and_reverse: {"then": {"first": {"order": {"presets": [{"close_on_trigger": {"trigger_price": 995}}]}}, "on_complete": {"order": {"pricing": [{"marketable": {"buffer_ticks": 2}}], "side": "sell"}}}}
attached_hedge: {"then": {"each_fill": {"order": {"execution": [{"top_up": {}}], "instrument_id": "11111111-1111-5111-8111-000000000004", "pricing": [{"marketable": {"buffer_ticks": 2}}], "quantity": {"parent_fill": {"ratio": 0.5, "whole_lots": true}}, "side": "sell"}}, "first": {"order": {}}}}
attached_hedge: {"then": {"each_fill": {"order": {"execution": [{"top_up": {}}], "instrument_id": "11111111-1111-5111-8111-000000000004", "pricing": [{"marketable": {"buffer_ticks": 2}}], "quantity": {"parent_fill_delta": {"volatility": 12.5, "whole_lots": true}}, "side": "against_delta"}}, "first": {"order": {}}}}
legged_spread: {"then": {"each_fill": {"order": {"execution": [{"top_up": {}}], "instrument_id": "11111111-1111-5111-8111-000000000002", "pricing": [{"from_parent_fill": {"net_price": 20}}], "transaction_type": "SELL"}}, "first": {"order": {"instrument_id": "11111111-1111-5111-8111-000000000001", "pricing": [{"fixed": {"price": 1000}}], "quantity": 10}}}}
strategy_stop: {"then": {"cancel_first_on_child_fill": true, "each_fill": {"order": {"presets": [{"strategy_stop_exits": {"loss_limit": -500}}]}}, "first": {"together": {"children": [{"order": {"instrument_id": "11111111-1111-5111-8111-000000000001", "pricing": [{"fixed": {"price": 1000}}], "quantity": 10}}, {"order": {"instrument_id": "11111111-1111-5111-8111-000000000002", "quantity": 5, "transaction_type": "SELL"}}], "group_margin": true, "hedge_benefit": false}}}}
two_sided_breakout: {"then": {"cancel_first_on_child_fill": true, "each_fill": {"order": {"pricing": [{"native_stop": {"limit_price": 983, "trigger_price": 985}}], "side": "protect"}}, "first": {"either": {"children": [{"order": {"pricing": [{"native_stop": {"limit_price": 1012, "trigger_price": 1010}}], "side": "buy"}}, {"order": {"pricing": [{"native_stop": {"limit_price": 988, "trigger_price": 990}}], "side": "sell"}}], "sibling_rule": "cancel"}}}}
