warm_order_instruments: 2 Redis round trips to read the instruments of both orders
answer_prepared_list as a dry run:
  200 zerodha {"form": {"order_type": "LIMIT", "price": "2500.0", "quantity": 30}, "method": "PUT", "url": "https://api.kite.trade/orders/amo/250915000000011"}
  200 dhan {"json": {"dhanClientId": "1100000001", "disclosedQuantity": 0, "orderId": "112509150000012", "orderType": "LIMIT", "price": 2499.0, "quantity": 10, "triggerPrice": 0.0, "validity": "DAY"}, "method": "PUT", "url": "https://api.dhan.co/v2/orders/112509150000012"}
send_prepared: 200 zerodha accepted
modify of a list: 200
  request 0: 200 zerodha 250915000000011 accepted
  request 1: 200 dhan 112509150000012 accepted
  request 2: 404 no broker order book in Redis holds this order_id
  request 3: 404 the order engine holds no parent with this id
  sent to the broker: PUT https://api.dhan.co/v2/orders/112509150000012
  sent to the broker: PUT https://api.kite.trade/orders/amo/250915000000011
modify_order_list, the same list again: 200
  request 0: 200 zerodha 250915000000011 accepted
  request 1: 200 dhan 112509150000012 accepted
  request 2: 404 no broker order book in Redis holds this order_id
  request 3: 404 the order engine holds no parent with this id
modify_order_list, one order named twice, as a dry run: 200
  request 0: 200 zerodha 250915000000011 None
  request 1: 400 this order is already named at request_index 0
modify_held_order, a parent the engine does not hold: 404 {"error": "the order engine holds no parent with this id", "intent_id": "00000000000040008000000000000006", "parent_id": "P-9"}
