POST https://api.kite.trade/margins/orders
JSON body: [
  {
    "exchange": "NFO",
    "tradingsymbol": "NIFTY26OCTFUT",
    "transaction_type": "SELL",
    "variety": "regular",
    "product": "NRML",
    "order_type": "LIMIT",
    "quantity": 65,
    "price": 22833.7,
    "trigger_price": 0
  }
]
Takes the NIFTY future: True, quantity 65
Takes crude oil: True
Crude oil quantity for 100 barrels: 1
Prices baskets: True
A basket of two goes to https://api.kite.trade/margins/basket
kite_order names the instrument tradingsymbol = 'NIFTY26OCTFUT'
Header names from headers: ['Authorization', 'Content-Type', 'X-Kite-Version']
