Requests sent: [({'NSE_EQ': [2885]}, ['Accept', 'Content-Type', 'access-token', 'client-id'])]
{
    "id": "1:2885",
    "broker": "dhan",
    "instrument_token": "1:2885",
    "exchange": "nse",
    "mode": "full",
    "last_price": 1381.2,
    "last_quantity": 14,
    "average_price": 1379.64,
    "volume": 2183977,
    "buy_quantity": 412776,
    "sell_quantity": 598340,
    "ohlc": {
        "open": 1375.0,
        "high": 1384.9,
        "low": 1372.5,
        "close": 1374.1
    },
    "change": 0.5167018412051624,
    "oi": 0,
    "oi_day_high": 0,
    "oi_day_low": 0,
    "last_trade_time": 1789446602.0,
    "exchange_timestamp": null,
    "depth": {
        "buy": [
            {
                "quantity": 311,
                "price": 1381.1,
                "orders": 6
            },
            {
                "quantity": 1022,
                "price": 1381.0,
                "orders": 14
            }
        ],
        "sell": [
            {
                "quantity": 87,
                "price": 1381.2,
                "orders": 3
            },
            {
                "quantity": 640,
                "price": 1381.3,
                "orders": 9
            }
        ]
    },
    "received_at": 1789446605.0
}
