Run answered HTTP 200 accepted: parent working
  entry  BUY 100 LIMIT filled 0, acknowledged
Entry filled 10: parent protecting
  entry  BUY 100 LIMIT filled 10, partially_filled
  stop   SELL 10 SL filled 0, acknowledged
  target SELL 10 LIMIT filled 0, acknowledged
Entry filled 40: parent protecting
  entry  BUY 100 LIMIT filled 40, partially_filled
  stop   SELL 40 SL filled 0, acknowledged
  target SELL 40 LIMIT filled 0, acknowledged
Target filled 40: parent protecting
  entry  BUY 100 LIMIT filled 40, partially_filled
  stop   SELL 40 SL filled 0, acknowledged
  target SELL 40 LIMIT filled 40, filled
Both cancels confirmed: parent completed
  entry  BUY 100 LIMIT filled 40, cancelled
  stop   SELL 40 SL filled 0, cancelled
  target SELL 40 LIMIT filled 40, filled
Sent to the broker:
  place BUY 100 LIMIT at 1000 -> 260930000001
  place SELL 10 SL at 988 trigger 990 -> 260930000002
  place SELL 10 LIMIT at 1010 -> 260930000003
  modify 260930000002 quantity 40
  modify 260930000003 quantity 40
  cancel 260930000001
  cancel 260930000002
