2026-10-01 Thu: nse_equities True, mcx_commodity_futures True
2026-10-02 Fri: nse_equities False, mcx_commodity_futures False
2026-10-03 Sat: nse_equities False, mcx_commodity_futures False
2026-10-04 Sun: nse_equities False, mcx_commodity_futures False
2026-10-05 Mon: nse_equities True, mcx_commodity_futures True
2026-10-06 Tue: nse_equities True, mcx_commodity_futures True
2026-10-07 Wed: nse_equities True, mcx_commodity_futures True
2026-10-08 Thu: nse_equities True, mcx_commodity_futures True
2026-10-09 Fri: nse_equities True, mcx_commodity_futures True
2026-10-10 Sat: nse_equities False, mcx_commodity_futures False
2026-10-11 Sun: nse_equities False, mcx_commodity_futures False
2026-10-12 Mon: nse_equities True, mcx_commodity_futures True
2026-10-13 Tue: nse_equities True, mcx_commodity_futures True
2026-10-14 Wed: nse_equities True, mcx_commodity_futures True
2026-10-15 Thu: nse_equities True, mcx_commodity_futures True
2026-10-16 Fri: nse_equities True, mcx_commodity_futures True
2026-10-17 Sat: nse_equities False, mcx_commodity_futures False
2026-10-18 Sun: nse_equities False, mcx_commodity_futures False
2026-10-19 Mon: nse_equities True, mcx_commodity_futures True
2026-10-20 Tue: nse_equities False, mcx_commodity_futures True
2026-10-21 Wed: nse_equities True, mcx_commodity_futures True
Next nse_equities trading day after 2026-10-01: 2026-10-05 Mon
Next mcx_commodity_futures trading day after 2026-10-01: 2026-10-05 Mon
Next nse_equities trading day after 2026-10-19: 2026-10-21 Wed
Next mcx_commodity_futures trading day after 2026-10-19: 2026-10-20 Tue
