Stand-in login number 1
HTTPS GET /apimarketdata/socket.io/: HTTP 400
ERROR socket_0 connection failed: RuntimeError: Engine.IO handshake failed with 400: {"type": "error", "code": "e-session-0001", "description": "Invalid Token"}
WARNING Replacing the Wisdom Capital market data token.
Stand-in market data login issued market-data-token-2
WARNING socket_0 disconnected. Reconnecting in 0 seconds.
HTTPS GET /apimarketdata/socket.io/: HTTP 200
Connecting to wss://trade.wisdomcapital.in/apimarketdata/socket.io/ with Engine.IO session engine-session-2
Sent: 2probe
Sent: 5
HTTPS POST /apimarketdata/instruments/subscription for message code 1501: HTTP 400
INFO socket_0: message code 1501 is still subscribed from an earlier connection. Dropping that subscription and asking again.
HTTPS PUT /apimarketdata/instruments/subscription for message code 1501: HTTP 200
HTTPS POST /apimarketdata/instruments/subscription for message code 1501: HTTP 200
HTTPS POST /apimarketdata/instruments/subscription for message code 1502: HTTP 200
Tick 1:2885 (1:2885) on NSECM in full mode
  last_price=2950.5 last_quantity=25 volume=1204500 change=1.3918
  last_trade_time=1790311528 exchange_timestamp=1790311529
  best bid={'quantity': 100, 'price': 2950.0, 'orders': 3} best offer={'quantity': 120, 'price': 2950.5, 'orders': 4} levels=1
INFO socket_0 subscribed to 1 instrument(s).
INFO socket_0 closed with status 1000: normal closure
INFO socket_0 stopped.
Gave up: False
Market data logins: 2
