Request: POST https://piconnect.flattrade.in/PiConnectAPI/UserDetails
Body sent: jData={"uid": "FT012345"}&jKey=morning-token
Status: success
HTTP code: 200
Data:
{
    "request_time": "09:15:02 30-09-2026",
    "prarr": [
        {
            "prd": "C",
            "s_prdt_ali": "CNC",
            "exch": [
                "NSE",
                "BSE"
            ]
        },
        {
            "prd": "I",
            "s_prdt_ali": "MIS",
            "exch": [
                "NSE",
                "BSE",
                "NFO"
            ]
        }
    ],
    "brkname": "FLATTRADE",
    "exarr": [
        "NSE",
        "BSE",
        "NFO",
        "MCX"
    ],
    "uname": "DEMO USER",
    "actid": "FT012345",
    "uprev": "INVESTOR",
    "stat": "Ok"
}
