NSEFO NIFTY26OCT25000CE (type 2) -> nse_equity_index_options
    identity {'underlying_symbol': 'NIFTY', 'expiry_date': datetime.date(2026, 10, 27), 'strike_price': 25000.0, 'option_type': 'CE'}
    lot size 1.0, tick size 0.05
NSECD USDINR26OCTFUT (type 1) -> nse_currency_futures
    identity {'underlying_symbol': 'USDINR', 'expiry_date': datetime.date(2026, 10, 28)}
    lot size 1.0, tick size 0.05
NSECM NIFTYBEES-EQ (type 8) -> nse_exchange_traded_funds
    identity {'symbol': 'NIFTYBEES'}
    lot size 1.0, tick size 0.05
NSECM 762GS2036-GS (type 8) -> nse_fixed_income
    identity {'symbol': 'IN0020160019'}
    lot size 1.0, tick size 0.05
NSECD 726GS2033-UNDIRC (type 16) -> nse_fixed_income
    identity {'symbol': '726GS2033'}
    lot size None, tick size None
BSECD 726GS2033 CONTRACT PLACEHOLDER (type 1) -> no segment, filed under bse_uncategorised
BSECM FIN (type 8) -> bse_equity_indices
    identity {'symbol': 'FINSER'}
    lot size 1.0, tick size None
BSECM OLDNAME# (type 8) -> no segment, filed under bse_uncategorised
