Stand-in login number 1
Connecting to wss://api.shoonya.com/NorenWSTP/
Sent: {"t": "a", "uid": "FA12345", "actid": "FA12345", "source": "API", "accesstoken": "shoonya-token-1"}
INFO socket_0 opened. Authenticating.
ERROR socket_0 authentication refused: {'t': 'ak', 's': 'NOT_OK', 'emsg': 'Session Expired :  Invalid Session Key'}
INFO socket_0 closed with status 1000: normal closure
WARNING Logging in to Shoonya again.
Stand-in login number 2
WARNING socket_0 disconnected. Reconnecting in 0 seconds.
Connecting to wss://api.shoonya.com/NorenWSTP/
Sent: {"t": "a", "uid": "FA12345", "actid": "FA12345", "source": "API", "accesstoken": "shoonya-token-2"}
INFO socket_0 opened. Authenticating.
Sent: {"t": "d", "k": "MCX|565899#MCX|565900"}
INFO socket_0 authenticated and subscribed to 2 instrument(s).
Name learned: MCX|565899 is MCX:CRUDEOIL19OCT26
Tick MCX:CRUDEOIL19OCT26 (MCX|565899) in quote mode
  last_price=6120.0 volume=8450 change=0.3279
  ohlc={'open': None, 'high': None, 'low': None, 'close': 6100.0}
  last_trade_time=1790311528 exchange_timestamp=1790311529
Name learned: MCX|565900 is MCX:CRUDEOIL19NOV26
INFO socket_0 closed with status 1000: normal closure
INFO socket_0 stopped.
Gave up: False
Logins made: 2
