Shared parameters: {'date': '2026-09-30', 'adjusted': 'false'}
Item 0: nse_equities {'symbol': 'INFY'}
Item 1: nse_equity_index_options {'underlying_symbol': 'NIFTY', 'expiry_date': datetime.date(2026, 10, 27), 'strike_price': Decimal('25000'), 'option_type': 'CE'}
Item 2: error a security segment needs symbol
Item 3: nse_equities {'symbol': 'NOSUCHCO'}
Instruments looked up: 3
{
  "results": [
    {
      "request_index": 0,
      "status": 200,
      "data": {
        "instrument_id": "22222222-2222-5222-8222-000000000001",
        "segment": "nse_equities"
      }
    },
    {
      "request_index": 1,
      "status": 200,
      "data": {
        "instrument_id": "22222222-2222-5222-8222-000000000004",
        "segment": "nse_equity_index_options"
      }
    },
    {
      "request_index": 2,
      "status": 400,
      "error": "a security segment needs symbol"
    },
    {
      "request_index": 3,
      "status": 404,
      "error": "no instrument nse_equities NOSUCHCO is mapped on 2026-09-30"
    }
  ]
}
