JSON body request:
{
  "json": {
    "dhanClientId": "1000000001",
    "exchangeSegment": "NSE_EQ",
    "orderType": "MARKET",
    "price": 0.0,
    "productType": "INTRADAY",
    "quantity": 10,
    "securityId": "2885",
    "transactionType": "BUY",
    "validity": "DAY"
  },
  "method": "POST",
  "url": "https://api.dhan.co/v2/orders"
}
Tag the broker receives: swing01
Query-only request:
{
  "method": "DELETE",
  "params": {
    "order_id": "250930000000001",
    "segment": "CASH"
  },
  "url": "https://api.example-broker.in/orders/cancel"
}
Tag the broker receives: None
